Program Version,EnergyPlus, Version 25.2.0-cf7368216c, YMD=2026.09.14 21:43,
   ** Warning ** GetHTSurfaceData: Surfaces with interface to Ground found but no "Ground Temperatures" were input.
   **   ~~~   ** Found first in surface=FLOOR_1
   **   ~~~   ** Defaults, constant throughout the year of (18.0) will be used.
   ** Warning ** Since Zone Minimum Air Flow Input Method = CONSTANT, input for Fixed Minimum Air Flow Rate will be ignored.
   **   ~~~   ** Occurs in AirTerminal:SingleDuct:VAV:NoReheat = VAV TERMINAL - OFFICE_FLOOR_1 THERMAL ZONE
   ** Warning ** Since Zone Minimum Air Flow Input Method = CONSTANT, input for Fixed Minimum Air Flow Rate will be ignored.
   **   ~~~   ** Occurs in AirTerminal:SingleDuct:VAV:NoReheat = VAV TERMINAL - OFFICE_FLOOR_2 THERMAL ZONE
   ** Warning ** Sizing: Coil:Cooling:DX:SingleSpeed "BASELINE DX COOLING COIL": Rated air volume flow rate per watt of rated total cooling capacity is out of range.
   **   ~~~   ** Min Rated Vol Flow Per Watt=[4.027E-005], Rated Vol Flow Per Watt=[7.142E-005], Max Rated Vol Flow Per Watt=[6.041E-005]. See Input Output Reference Manual for valid range.
   ** Warning ** Output:Meter: invalid Key Name="NATURALGAS:FACILITY" - not found.
   ** Warning ** Output:Meter: invalid Key Name="DISTRICTHEATINGWATER:FACILITY" - not found.
   ** Warning ** Output:Meter: invalid Key Name="DISTRICTCOOLING:FACILITY" - not found.
   ** Warning ** Output:Meter:MeterFileOnly: invalid Key Name="NATURALGAS:FACILITY" - not found.
   ** Warning ** Output:Meter:MeterFileOnly requested for "Electricity:Facility" (TimeStep), already on "Output:Meter". Will report to both eplusout.eso and eplusout.mtr
   ************* Testing Individual Branch Integrity
   ************* All Branches passed integrity testing
   ************* Testing Individual Supply Air Path Integrity
   ************* All Supply Air Paths passed integrity testing
   ************* Testing Individual Return Air Path Integrity
   ************* All Return Air Paths passed integrity testing
   ************* No node connection errors were found.
   ************* Beginning Simulation
   ** Warning ** CalcDoe2DXCoil: Coil:Cooling:DX:SingleSpeed="BASELINE DX COOLING COIL" - Air volume flow rate per watt of rated total cooling capacity is out of range at 2.179E-005 m3/s/W.
   **   ~~~   **  Environment=RUN PERIOD 1, at Simulation time=01/01 00:00 - 00:10
   **   ~~~   ** Expected range for VolumeFlowPerRatedTotalCapacity=[2.684E-005--6.713E-005]
   **   ~~~   ** Possible causes include inconsistent air flow rates in system components,
   **   ~~~   ** or variable air volume [VAV] system using incorrect coil type.
   ** Warning ** Processing Monthly Tabular Reports: Variable names not valid for this simulation
   **   ~~~   ** ...use Output:Diagnostics,DisplayExtraWarnings; to show more details on individual variables.
   ** Warning ** CalcDoe2DXCoil: Coil:Cooling:DX:SingleSpeed "BASELINE DX COOLING COIL" - Full load outlet air dry-bulb temperature < 2C. This indicates the possibility of coil frost/freeze. Outlet temperature = -10.39 C.
   **   ~~~   **  ...Occurrence info = RUN PERIOD 1, 01/01 00:00 - 00:10
   **   ~~~   ** ... Possible reasons for low outlet air dry-bulb temperatures are: This DX coil
   **   ~~~   **    1) may have a low inlet air dry-bulb temperature. Inlet air temperature = 23.906 C.
   **   ~~~   **    2) may have a low air flow rate per watt of cooling capacity. Check inputs.
   **   ~~~   **    3) is used as part of a HX assisted cooling coil which uses a high sensible effectiveness. Check inputs.
   ** Warning ** The resource referenced by LifeCycleCost:UsePriceEscalation= "U.S. AVG  COMMERCIAL-ELECTRICITY" has no energy cost. 
   **   ~~~   ** ... It is likely that the wrong resource is used. The resource should match the meter used in Utility:Tariff.
   ** Warning ** The resource referenced by LifeCycleCost:UsePriceEscalation= "U.S. AVG  COMMERCIAL-DISTILLATE OIL" has no energy cost. 
   **   ~~~   ** ... It is likely that the wrong resource is used. The resource should match the meter used in Utility:Tariff.
   ** Warning ** The resource referenced by LifeCycleCost:UsePriceEscalation= "U.S. AVG  COMMERCIAL-RESIDUAL OIL" has no energy cost. 
   **   ~~~   ** ... It is likely that the wrong resource is used. The resource should match the meter used in Utility:Tariff.
   ** Warning ** The resource referenced by LifeCycleCost:UsePriceEscalation= "U.S. AVG  COMMERCIAL-NATURAL GAS" has no energy cost. 
   **   ~~~   ** ... It is likely that the wrong resource is used. The resource should match the meter used in Utility:Tariff.
   ** Warning ** The resource referenced by LifeCycleCost:UsePriceEscalation= "U.S. AVG  COMMERCIAL-COAL" has no energy cost. 
   **   ~~~   ** ... It is likely that the wrong resource is used. The resource should match the meter used in Utility:Tariff.
   ************* Simulation Error Summary *************
   ************* There are 2 unused schedules in input.
   ************* Use Output:Diagnostics,DisplayUnusedSchedules; to see them.
   *************
   ************* ===== Recurring Error Summary =====
   ************* The following recurring error messages occurred.
   *************
   *************  ** Warning ** CalcDoe2DXCoil: Coil:Cooling:DX:SingleSpeed="BASELINE DX COOLING COIL" - Air volume flow rate per watt of rated total cooling capacity is out of range error continues...
   *************  **   ~~~   **   This error occurred 105120 total times;
   *************  **   ~~~   **   during Warmup 0 times;
   *************  **   ~~~   **   during Sizing 0 times.
   *************  **   ~~~   **   Max=0.000022  Min=0.000022
   *************
   *************  ** Warning ** CalcDoe2DXCoil: Coil:Cooling:DX:SingleSpeed="BASELINE DX COOLING COIL" - Full load outlet temperature indicates a possibility of frost/freeze error continues. Outlet air temperature statistics follow:
   *************  **   ~~~   **   This error occurred 52132 total times;
   *************  **   ~~~   **   during Warmup 0 times;
   *************  **   ~~~   **   during Sizing 0 times.
   *************  **   ~~~   **   Max=1.995139  Min=-12.892602
   *************
   ************* EnergyPlus Warmup Error Summary. During Warmup: 0 Warning; 0 Severe Errors.
   ************* EnergyPlus Sizing Error Summary. During Sizing: 0 Warning; 0 Severe Errors.
   ************* EnergyPlus Completed Successfully-- 157267 Warning; 0 Severe Errors; Elapsed Time=00hr 00min  2.33sec
